Archive member included because of file (symbol)

/tmp/lpc4337_test/lpc_board_nxp_lpcxpresso_1343/Debug/liblpc_board_nxp_lpcxpresso_1343.a(board.o)
                              ./example/src/freertos_blinky.o (Board_LED_Set)
/tmp/lpc4337_test/lpc_board_nxp_lpcxpresso_1343/Debug/liblpc_board_nxp_lpcxpresso_1343.a(board_sysinit.o)
                              ./example/src/sysinit.o (Board_SystemInit)
/tmp/lpc4337_test/lpc_chip_13xx/Debug/liblpc_chip_13xx.a(chip_13xx.o)
                              ./freertos/src/port.o (SystemCoreClock)
/tmp/lpc4337_test/lpc_chip_13xx/Debug/liblpc_chip_13xx.a(clock_13xx.o)
                              /tmp/lpc4337_test/lpc_chip_13xx/Debug/liblpc_chip_13xx.a(chip_13xx.o) (Chip_Clock_SetUSBPLLSource)
/tmp/lpc4337_test/lpc_chip_13xx/Debug/liblpc_chip_13xx.a(gpio_13xx_2.o)
                              /tmp/lpc4337_test/lpc_board_nxp_lpcxpresso_1343/Debug/liblpc_board_nxp_lpcxpresso_1343.a(board.o) (Chip_GPIO_Init)
/tmp/lpc4337_test/lpc_chip_13xx/Debug/liblpc_chip_13xx.a(i2c_13xx.o)
                              ./example/src/freertos_blinky.o (Chip_I2C_EventHandler)
/tmp/lpc4337_test/lpc_chip_13xx/Debug/liblpc_chip_13xx.a(i2cm_13xx.o)
                              ./example/src/freertos_blinky.o (Chip_I2CM_Init)
/tmp/lpc4337_test/lpc_chip_13xx/Debug/liblpc_chip_13xx.a(sysctl_13xx.o)
                              /tmp/lpc4337_test/lpc_chip_13xx/Debug/liblpc_chip_13xx.a(chip_13xx.o) (Chip_SYSCTL_PowerUp)
/tmp/lpc4337_test/lpc_chip_13xx/Debug/liblpc_chip_13xx.a(sysinit_13xx.o)
                              /tmp/lpc4337_test/lpc_board_nxp_lpcxpresso_1343/Debug/liblpc_board_nxp_lpcxpresso_1343.a(board_sysinit.o) (Chip_SetupXtalClocking)
/usr/local/lpcxpresso_7.5.0_254/lpcxpresso/tools/bin/../lib/gcc/arm-none-eabi/4.8.4/../../../../arm-none-eabi/lib/armv7-m/libcr_nohost.a(_cr__main.o)
                              ./example/src/cr_startup_lpc13xx.o (__main)
/usr/local/lpcxpresso_7.5.0_254/lpcxpresso/tools/bin/../lib/gcc/arm-none-eabi/4.8.4/../../../../arm-none-eabi/lib/armv7-m/libcr_c.a(memcpy.o)
                              ./freertos/src/queue.o (memcpy)
/usr/local/lpcxpresso_7.5.0_254/lpcxpresso/tools/bin/../lib/gcc/arm-none-eabi/4.8.4/../../../../arm-none-eabi/lib/armv7-m/libcr_c.a(memset.o)
                              ./freertos/src/tasks.o (memset)
/usr/local/lpcxpresso_7.5.0_254/lpcxpresso/tools/bin/../lib/gcc/arm-none-eabi/4.8.4/../../../../arm-none-eabi/lib/armv7-m/libcr_c.a(alloc.o)
                              ./freertos/src/heap_3.o (malloc)
/usr/local/lpcxpresso_7.5.0_254/lpcxpresso/tools/bin/../lib/gcc/arm-none-eabi/4.8.4/../../../../arm-none-eabi/lib/armv7-m/libcr_c.a(initio.o)
                              /usr/local/lpcxpresso_7.5.0_254/lpcxpresso/tools/bin/../lib/gcc/arm-none-eabi/4.8.4/../../../../arm-none-eabi/lib/armv7-m/libcr_nohost.a(_cr__main.o) (_initio)
/usr/local/lpcxpresso_7.5.0_254/lpcxpresso/tools/bin/../lib/gcc/arm-none-eabi/4.8.4/../../../../arm-none-eabi/lib/armv7-m/libcr_c.a(memcmp.o)
                              ./freertos/src/tasks.o (memcmp)
/usr/local/lpcxpresso_7.5.0_254/lpcxpresso/tools/bin/../lib/gcc/arm-none-eabi/4.8.4/../../../../arm-none-eabi/lib/armv7-m/libcr_c.a(setvbuf.o)
                              /usr/local/lpcxpresso_7.5.0_254/lpcxpresso/tools/bin/../lib/gcc/arm-none-eabi/4.8.4/../../../../arm-none-eabi/lib/armv7-m/libcr_c.a(initio.o) (setvbuf)
/usr/local/lpcxpresso_7.5.0_254/lpcxpresso/tools/bin/../lib/gcc/arm-none-eabi/4.8.4/../../../../arm-none-eabi/lib/armv7-m/libcr_c.a(stdio.o)
                              /usr/local/lpcxpresso_7.5.0_254/lpcxpresso/tools/bin/../lib/gcc/arm-none-eabi/4.8.4/../../../../arm-none-eabi/lib/armv7-m/libcr_c.a(initio.o) (__Ciob)
/usr/local/lpcxpresso_7.5.0_254/lpcxpresso/tools/bin/../lib/gcc/arm-none-eabi/4.8.4/../../../../arm-none-eabi/lib/armv7-m/libcr_c.a(__fillbuf.o)
                              /usr/local/lpcxpresso_7.5.0_254/lpcxpresso/tools/bin/../lib/gcc/arm-none-eabi/4.8.4/../../../../arm-none-eabi/lib/armv7-m/libcr_c.a(stdio.o) (__filbuf)
/usr/local/lpcxpresso_7.5.0_254/lpcxpresso/tools/bin/../lib/gcc/arm-none-eabi/4.8.4/../../../../arm-none-eabi/lib/armv7-m/libcr_c.a(__init_alloc.o)
                              /usr/local/lpcxpresso_7.5.0_254/lpcxpresso/tools/bin/../lib/gcc/arm-none-eabi/4.8.4/../../../../arm-none-eabi/lib/armv7-m/libcr_c.a(alloc.o) (__heaps)
/usr/local/lpcxpresso_7.5.0_254/lpcxpresso/tools/bin/../lib/gcc/arm-none-eabi/4.8.4/../../../../arm-none-eabi/lib/armv7-m/libcr_c.a(_cr_sbrk.o)
                              /usr/local/lpcxpresso_7.5.0_254/lpcxpresso/tools/bin/../lib/gcc/arm-none-eabi/4.8.4/../../../../arm-none-eabi/lib/armv7-m/libcr_c.a(alloc.o) (_sbrk)
/usr/local/lpcxpresso_7.5.0_254/lpcxpresso/tools/bin/../lib/gcc/arm-none-eabi/4.8.4/../../../../arm-none-eabi/lib/armv7-m/libcr_c.a(_deferredlazyseek.o)
[...]
Memory Configuration

Name             Origin             Length             Attributes
MFlash32         0x00000000         0x00008000         xr
RamLoc8          0x10000000         0x00002000         xrw
*default*        0x00000000         0xffffffff

Linker script and memory map

LOAD ./freertos/src/FreeRTOSCommonHooks.o
LOAD ./freertos/src/heap_3.o
LOAD ./freertos/src/list.o
LOAD ./freertos/src/port.o
LOAD ./freertos/src/queue.o
LOAD ./freertos/src/tasks.o
LOAD ./example/src/cr_startup_lpc13xx.o
LOAD ./example/src/freertos_blinky.o
LOAD ./example/src/sysinit.o
LOAD /tmp/lpc4337_test/lpc_board_nxp_lpcxpresso_1343/Debug/liblpc_board_nxp_lpcxpresso_1343.a
LOAD /tmp/lpc4337_test/lpc_chip_13xx/Debug/liblpc_chip_13xx.a
START GROUP
LOAD /usr/local/lpcxpresso_7.5.0_254/lpcxpresso/tools/bin/../lib/gcc/arm-none-eabi/4.8.4/../../../../arm-none-eabi/lib/armv7-m/libcr_nohost.a
LOAD /usr/local/lpcxpresso_7.5.0_254/lpcxpresso/tools/bin/../lib/gcc/arm-none-eabi/4.8.4/../../../../arm-none-eabi/lib/armv7-m/libcr_c.a
LOAD /usr/local/lpcxpresso_7.5.0_254/lpcxpresso/tools/bin/../lib/gcc/arm-none-eabi/4.8.4/armv7-m/libcr_eabihelpers.a
END GROUP
                0x00008000                __top_MFlash32 = 0x8000
                0x10002000                __top_RamLoc8 = 0x10002000

.text           0x00000000     0x2cc0
 FILL mask 0xff
                0x00000000                __vectors_start__ = ABSOLUTE (.)
 *(.isr_vector)
 .isr_vector    0x00000000      0x124 ./example/src/cr_startup_lpc13xx.o
                0x00000000                g_pfnVectors
                0x00000124                . = ALIGN (0x4)
                0x00000124                __section_table_start = .
                0x00000124                __data_section_table = .
                0x00000124        0x4 LONG 0x2cc0 LOADADDR (.data)
                0x00000128        0x4 LONG 0x10000000 ADDR (.data)
                0x0000012c        0x4 LONG 0x24 SIZEOF (.data)
                0x00000130                __data_section_table_end = .
                0x00000130                __bss_section_table = .
                0x00000130        0x4 LONG 0x10000024 ADDR (.bss)
                0x00000134        0x4 LONG 0x2cc SIZEOF (.bss)
                0x00000138                __bss_section_table_end = .
                0x00000138                __section_table_end = .
 *(.after_vectors*)
 .after_vectors
                0x00000138      0x124 ./example/src/cr_startup_lpc13xx.o
                0x00000138                data_init
                0x0000017c                bss_init
                0x000001b4                ResetISR
                0x0000022c                NMI_Handler
                0x00000234                HardFault_Handler
                0x00000254                TIMER16_0_IRQHandler
                0x00000254                UART_IRQHandler
                0x00000254                TIMER32_0_IRQHandler
                0x00000254                TIMER32_1_IRQHandler
                0x00000254                IntDefaultHandler
                0x00000254                PIOINT1_IRQHandler
                0x00000254                SSP0_IRQHandler
                0x00000254                TIMER16_1_IRQHandler
                0x00000254                USB_FIQHandler
                0x00000254                ADC_IRQHandler
                0x00000254                PIOINT2_IRQHandler
                0x00000254                USB_IRQHandler
                0x00000254                BOD_IRQHandler
                0x00000254                WAKEUP_IRQHandler
                0x00000254                PIOINT0_IRQHandler
                0x00000254                WDT_IRQHandler
                0x00000254                PIOINT3_IRQHandler
                0x00000254                FMC_IRQHandler
 *(.text*)
 .text.vApplicationMallocFailedHook
                0x0000025c        0xc ./freertos/src/FreeRTOSCommonHooks.o
                0x0000025c                vApplicationMallocFailedHook
 .text.vApplicationIdleHook
                0x00000268       0x10 ./freertos/src/FreeRTOSCommonHooks.o
                0x00000268                vApplicationIdleHook
 .text.vApplicationStackOverflowHook
                0x00000278       0x10 ./freertos/src/FreeRTOSCommonHooks.o
                0x00000278                vApplicationStackOverflowHook
 .text.pvPortMalloc
                0x00000288       0x2c ./freertos/src/heap_3.o
                0x00000288                pvPortMalloc
 .text.vPortFree
                0x000002b4       0x24 ./freertos/src/heap_3.o
                0x000002b4                vPortFree
 .text.vListInitialise
                0x000002d8       0x40 ./freertos/src/list.o
                0x000002d8                vListInitialise
 .text.vListInitialiseItem
                0x00000318       0x18 ./freertos/src/list.o
                0x00000318                vListInitialiseItem
 .text.vListInsertEnd
                0x00000330       0x48 ./freertos/src/list.o
                0x00000330                vListInsertEnd
 .text.vListInsert
                0x00000378       0x70 ./freertos/src/list.o
                0x00000378                vListInsert
 .text.uxListRemove
                0x000003e8       0x54 ./freertos/src/list.o
                0x000003e8                uxListRemove
 .text.pxPortInitialiseStack
                0x0000043c       0x58 ./freertos/src/port.o
                0x0000043c                pxPortInitialiseStack
 .text.prvTaskExitError
                0x00000494       0x20 ./freertos/src/port.o
 .text.SVC_Handler
                0x000004b4       0x20 ./freertos/src/port.o
                0x000004b4                SVC_Handler
 .text.prvPortStartFirstTask
                0x000004d4       0x14 ./freertos/src/port.o
 .text.xPortStartScheduler
                0x000004e8       0xb8 ./freertos/src/port.o
                0x000004e8                xPortStartScheduler
 .text.vPortYield
                0x000005a0       0x20 ./freertos/src/port.o
                0x000005a0                vPortYield
 .text.vPortEnterCritical
                0x000005c0       0x20 ./freertos/src/port.o
                0x000005c0                vPortEnterCritical
 .text.vPortExitCritical
                0x000005e0       0x24 ./freertos/src/port.o
                0x000005e0                vPortExitCritical
 .text.ulPortSetInterruptMask
                0x00000604       0x14 ./freertos/src/port.o
                0x00000604                ulPortSetInterruptMask
 .text.vPortClearInterruptMask
                0x00000618        0x8 ./freertos/src/port.o
                0x00000618                vPortClearInterruptMask
 .text.PendSV_Handler
                0x00000620       0x3c ./freertos/src/port.o
                0x00000620                PendSV_Handler
 .text.SysTick_Handler
                0x0000065c       0x28 ./freertos/src/port.o
                0x0000065c                SysTick_Handler
 .text.vPortSetupTimerInterrupt
                0x00000684       0x34 ./freertos/src/port.o
                0x00000684                vPortSetupTimerInterrupt
 .text.xTaskGenericCreate
                0x000006b8      0x168 ./freertos/src/tasks.o
                0x000006b8                xTaskGenericCreate
 .text.vTaskDelay
                0x00000820       0x50 ./freertos/src/tasks.o
                0x00000820                vTaskDelay
 .text.vTaskStartScheduler
                0x00000870       0x64 ./freertos/src/tasks.o
                0x00000870                vTaskStartScheduler
 .text.vTaskSuspendAll
                0x000008d4       0x1c ./freertos/src/tasks.o
                0x000008d4                vTaskSuspendAll
 .text.xTaskResumeAll
                0x000008f0      0x10c ./freertos/src/tasks.o
                0x000008f0                xTaskResumeAll
 .text.xTaskIncrementTick
                0x000009fc      0x19c ./freertos/src/tasks.o
                0x000009fc                xTaskIncrementTick
 .text.vTaskSwitchContext
                0x00000b98       0xf4 ./freertos/src/tasks.o
                0x00000b98                vTaskSwitchContext
 .text.prvIdleTask
                0x00000c8c       0x24 ./freertos/src/tasks.o
 .text.prvInitialiseTCBVariables
                0x00000cb0       0x90 ./freertos/src/tasks.o
 .text.prvInitialiseTaskLists
                0x00000d40       0x7c ./freertos/src/tasks.o
 .text.prvCheckTasksWaitingTermination
                0x00000dbc       0x74 ./freertos/src/tasks.o
 .text.prvAddCurrentTaskToDelayedList
                0x00000e30       0x6c ./freertos/src/tasks.o
 .text.prvAllocateTCBAndStack
                0x00000e9c       0x64 ./freertos/src/tasks.o
 .text.prvDeleteTCB
                0x00000f00       0x20 ./freertos/src/tasks.o
 .text.NVIC_EnableIRQ
                0x00000f20       0x30 ./example/src/freertos_blinky.o
 .text.prvSetupHardware
                0x00000f50       0x10 ./example/src/freertos_blinky.o
 .text.vLEDTask0
                0x00000f60       0x28 ./example/src/freertos_blinky.o
 .text.vLEDTask1
                0x00000f88       0x40 ./example/src/freertos_blinky.o
 .text.vLEDTask2
                0x00000fc8       0x28 ./example/src/freertos_blinky.o
 .text.i2c_state_handling
                0x00000ff0       0x30 ./example/src/freertos_blinky.o
 .text.I2C_IRQHandler
                0x00001020        0xc ./example/src/freertos_blinky.o
                0x00001020                I2C_IRQHandler
 .text.led_set_rgb
                0x0000102c       0x60 ./example/src/freertos_blinky.o
                0x0000102c                led_set_rgb
 .text.main     0x0000108c      0x258 ./example/src/freertos_blinky.o
                0x0000108c                main
 .text.SystemInit
                0x000012e4        0xc ./example/src/sysinit.o
                0x000012e4                SystemInit
 .text.Chip_GPIO_WritePortBit
                0x000012f0       0x34 /tmp/lpc4337_test/lpc_board_nxp_lpcxpresso_1343/Debug/liblpc_board_nxp_lpcxpresso_1343.a(board.o)
 .text.__sys_write
                0x00001324       0x1c /tmp/lpc4337_test/lpc_board_nxp_lpcxpresso_1343/Debug/liblpc_board_nxp_lpcxpresso_1343.a(board.o)
                0x00001324                __sys_write
 .text.Board_LED_Init
                0x00001340       0x14 /tmp/lpc4337_test/lpc_board_nxp_lpcxpresso_1343/Debug/liblpc_board_nxp_lpcxpresso_1343.a(board.o)
 .text.Board_LED_Set
                0x00001354       0x28 /tmp/lpc4337_test/lpc_board_nxp_lpcxpresso_1343/Debug/liblpc_board_nxp_lpcxpresso_1343.a(board.o)
                0x00001354                Board_LED_Set
 .text.Board_Init
                0x0000137c       0x14 /tmp/lpc4337_test/lpc_board_nxp_lpcxpresso_1343/Debug/liblpc_board_nxp_lpcxpresso_1343.a(board.o)
                0x0000137c                Board_Init
 .text.Chip_SYSCTL_Map
                0x00001390       0x20 /tmp/lpc4337_test/lpc_board_nxp_lpcxpresso_1343/Debug/liblpc_board_nxp_lpcxpresso_1343.a(board_sysinit.o)
 .text.Chip_Clock_EnablePeriphClock
                0x000013b0       0x30 /tmp/lpc4337_test/lpc_board_nxp_lpcxpresso_1343/Debug/liblpc_board_nxp_lpcxpresso_1343.a(board_sysinit.o)
 .text.Chip_IOCON_PinMuxSet
                0x000013e0       0x24 /tmp/lpc4337_test/lpc_board_nxp_lpcxpresso_1343/Debug/liblpc_board_nxp_lpcxpresso_1343.a(board_sysinit.o)
 .text.Chip_IOCON_SetPinMuxing
                0x00001404       0x48 /tmp/lpc4337_test/lpc_board_nxp_lpcxpresso_1343/Debug/liblpc_board_nxp_lpcxpresso_1343.a(board_sysinit.o)
 .text.Board_SetupMuxing
                0x0000144c       0x20 /tmp/lpc4337_test/lpc_board_nxp_lpcxpresso_1343/Debug/liblpc_board_nxp_lpcxpresso_1343.a(board_sysinit.o)
                0x0000144c                Board_SetupMuxing
 .text.Board_SetupClocking
                0x0000146c        0xc /tmp/lpc4337_test/lpc_board_nxp_lpcxpresso_1343/Debug/liblpc_board_nxp_lpcxpresso_1343.a(board_sysinit.o)
                0x0000146c                Board_SetupClocking
 .text.Board_SystemInit
                0x00001478       0x14 /tmp/lpc4337_test/lpc_board_nxp_lpcxpresso_1343/Debug/liblpc_board_nxp_lpcxpresso_1343.a(board_sysinit.o)
                0x00001478                Board_SystemInit
 .text.SystemCoreClockUpdate
                0x0000148c       0x14 /tmp/lpc4337_test/lpc_chip_13xx/Debug/liblpc_chip_13xx.a(chip_13xx.o)
                0x0000148c                SystemCoreClockUpdate
 .text.Chip_Clock_GetMainOscRate
                0x000014a0       0x18 /tmp/lpc4337_test/lpc_chip_13xx/Debug/liblpc_chip_13xx.a(clock_13xx.o)
 .text.Chip_Clock_GetIntOscRate
                0x000014b8       0x14 /tmp/lpc4337_test/lpc_chip_13xx/Debug/liblpc_chip_13xx.a(clock_13xx.o)
 .text.Chip_Clock_GetWDTLFORate
                0x000014cc       0x40 /tmp/lpc4337_test/lpc_chip_13xx/Debug/liblpc_chip_13xx.a(clock_13xx.o)
 .text.Chip_Clock_GetPLLFreq
                0x0000150c       0x28 /tmp/lpc4337_test/lpc_chip_13xx/Debug/liblpc_chip_13xx.a(clock_13xx.o)
 .text.Chip_Clock_SetSystemPLLSource
                0x00001534       0x2c /tmp/lpc4337_test/lpc_chip_13xx/Debug/liblpc_chip_13xx.a(clock_13xx.o)
                0x00001534                Chip_Clock_SetSystemPLLSource
 .text.Chip_Clock_SetMainClockSource
                0x00001560       0x2c /tmp/lpc4337_test/lpc_chip_13xx/Debug/liblpc_chip_13xx.a(clock_13xx.o)
                0x00001560                Chip_Clock_SetMainClockSource
 .text.Chip_Clock_GetWDTOSCRate
                0x0000158c       0x18 /tmp/lpc4337_test/lpc_chip_13xx/Debug/liblpc_chip_13xx.a(clock_13xx.o)
                0x0000158c                Chip_Clock_GetWDTOSCRate
 .text.Chip_Clock_GetSystemPLLInClockRate
                0x000015a4       0x3c /tmp/lpc4337_test/lpc_chip_13xx/Debug/liblpc_chip_13xx.a(clock_13xx.o)
                0x000015a4                Chip_Clock_GetSystemPLLInClockRate
 .text.Chip_Clock_GetSystemPLLOutClockRate
                0x000015e0       0x20 /tmp/lpc4337_test/lpc_chip_13xx/Debug/liblpc_chip_13xx.a(clock_13xx.o)
                0x000015e0                Chip_Clock_GetSystemPLLOutClockRate
 .text.Chip_Clock_GetMainClockRate
                0x00001600       0x60 /tmp/lpc4337_test/lpc_chip_13xx/Debug/liblpc_chip_13xx.a(clock_13xx.o)
                0x00001600                Chip_Clock_GetMainClockRate
 .text.Chip_Clock_GetSystemClockRate
                0x00001660       0x1c /tmp/lpc4337_test/lpc_chip_13xx/Debug/liblpc_chip_13xx.a(clock_13xx.o)
                0x00001660                Chip_Clock_GetSystemClockRate
 .text.Chip_Clock_EnablePeriphClock
                0x0000167c       0x30 /tmp/lpc4337_test/lpc_chip_13xx/Debug/liblpc_chip_13xx.a(gpio_13xx_2.o)
 .text.Chip_GPIO_Init
                0x000016ac       0x14 /tmp/lpc4337_test/lpc_chip_13xx/Debug/liblpc_chip_13xx.a(gpio_13xx_2.o)
                0x000016ac                Chip_GPIO_Init
 .text.Chip_GPIO_WriteDirBit
                0x000016c0       0x70 /tmp/lpc4337_test/lpc_chip_13xx/Debug/liblpc_chip_13xx.a(gpio_13xx_2.o)
                0x000016c0                Chip_GPIO_WriteDirBit
 .text.Chip_Clock_EnablePeriphClock
                0x00001730       0x30 /tmp/lpc4337_test/lpc_chip_13xx/Debug/liblpc_chip_13xx.a(i2c_13xx.o)
 .text.enableClk
                0x00001760       0x2c /tmp/lpc4337_test/lpc_chip_13xx/Debug/liblpc_chip_13xx.a(i2c_13xx.o)
 .text.getClkRate
                0x0000178c       0x18 /tmp/lpc4337_test/lpc_chip_13xx/Debug/liblpc_chip_13xx.a(i2c_13xx.o)
 .text.startMasterXfer
                0x000017a4       0x20 /tmp/lpc4337_test/lpc_chip_13xx/Debug/liblpc_chip_13xx.a(i2c_13xx.o)
 .text.startSlaverXfer
                0x000017c4       0x20 /tmp/lpc4337_test/lpc_chip_13xx/Debug/liblpc_chip_13xx.a(i2c_13xx.o)
 .text.isI2CBusFree
                0x000017e4       0x28 /tmp/lpc4337_test/lpc_chip_13xx/Debug/liblpc_chip_13xx.a(i2c_13xx.o)
 .text.getCurState
                0x0000180c       0x1c /tmp/lpc4337_test/lpc_chip_13xx/Debug/liblpc_chip_13xx.a(i2c_13xx.o)
 .text.isMasterState
                0x00001828       0x24 /tmp/lpc4337_test/lpc_chip_13xx/Debug/liblpc_chip_13xx.a(i2c_13xx.o)
 .text.isSlaveAddrMatching
                0x0000184c       0x3c /tmp/lpc4337_test/lpc_chip_13xx/Debug/liblpc_chip_13xx.a(i2c_13xx.o)
 .text.lookupSlaveIndex
                0x00001888       0xac /tmp/lpc4337_test/lpc_chip_13xx/Debug/liblpc_chip_13xx.a(i2c_13xx.o)
 .text.handleMasterXferState
                0x00001934      0x284 /tmp/lpc4337_test/lpc_chip_13xx/Debug/liblpc_chip_13xx.a(i2c_13xx.o)
                0x00001934                handleMasterXferState
 .text.getSlaveIndex
                0x00001bb8       0x4c /tmp/lpc4337_test/lpc_chip_13xx/Debug/liblpc_chip_13xx.a(i2c_13xx.o)
                0x00001bb8                getSlaveIndex
 .text.handleSlaveXferState
                0x00001c04      0x2b4 /tmp/lpc4337_test/lpc_chip_13xx/Debug/liblpc_chip_13xx.a(i2c_13xx.o)
                0x00001c04                handleSlaveXferState
 .text.Chip_I2C_EventHandler
                0x00001eb8       0x48 /tmp/lpc4337_test/lpc_chip_13xx/Debug/liblpc_chip_13xx.a(i2c_13xx.o)
                0x00001eb8                Chip_I2C_EventHandler
 .text.Chip_I2C_Init
                0x00001f00       0x30 /tmp/lpc4337_test/lpc_chip_13xx/Debug/liblpc_chip_13xx.a(i2c_13xx.o)
                0x00001f00                Chip_I2C_Init
 .text.Chip_I2C_SetClockRate
                0x00001f30       0x68 /tmp/lpc4337_test/lpc_chip_13xx/Debug/liblpc_chip_13xx.a(i2c_13xx.o)
                0x00001f30                Chip_I2C_SetClockRate
 .text.Chip_I2C_SetMasterEventHandler
                0x00001f98       0x4c /tmp/lpc4337_test/lpc_chip_13xx/Debug/liblpc_chip_13xx.a(i2c_13xx.o)
                0x00001f98                Chip_I2C_SetMasterEventHandler
 .text.Chip_I2C_MasterTransfer
                0x00001fe4       0x9c /tmp/lpc4337_test/lpc_chip_13xx/Debug/liblpc_chip_13xx.a(i2c_13xx.o)
                0x00001fe4                Chip_I2C_MasterTransfer
 .text.Chip_I2C_MasterSend
                0x00002080       0x6c /tmp/lpc4337_test/lpc_chip_13xx/Debug/liblpc_chip_13xx.a(i2c_13xx.o)
                0x00002080                Chip_I2C_MasterSend
 .text.Chip_I2C_MasterCmdRead
                0x000020ec       0x74 /tmp/lpc4337_test/lpc_chip_13xx/Debug/liblpc_chip_13xx.a(i2c_13xx.o)
                0x000020ec                Chip_I2C_MasterCmdRead
 .text.Chip_I2C_IsMasterActive
                0x00002160       0x30 /tmp/lpc4337_test/lpc_chip_13xx/Debug/liblpc_chip_13xx.a(i2c_13xx.o)
                0x00002160                Chip_I2C_IsMasterActive
 .text.Chip_I2C_MasterStateHandler
                0x00002190       0x60 /tmp/lpc4337_test/lpc_chip_13xx/Debug/liblpc_chip_13xx.a(i2c_13xx.o)
                0x00002190                Chip_I2C_MasterStateHandler
 .text.Chip_I2C_SlaveStateHandler
                0x000021f0       0xc0 /tmp/lpc4337_test/lpc_chip_13xx/Debug/liblpc_chip_13xx.a(i2c_13xx.o)
                0x000021f0                Chip_I2C_SlaveStateHandler
 .text.Chip_SYSCTL_AssertPeriphReset
                0x000022b0       0x2c /tmp/lpc4337_test/lpc_chip_13xx/Debug/liblpc_chip_13xx.a(i2cm_13xx.o)
 .text.Chip_SYSCTL_DeassertPeriphReset
                0x000022dc       0x2c /tmp/lpc4337_test/lpc_chip_13xx/Debug/liblpc_chip_13xx.a(i2cm_13xx.o)
 .text.Chip_SYSCTL_PeriphReset
                0x00002308       0x20 /tmp/lpc4337_test/lpc_chip_13xx/Debug/liblpc_chip_13xx.a(i2cm_13xx.o)
 .text.Chip_Clock_EnablePeriphClock
                0x00002328       0x30 /tmp/lpc4337_test/lpc_chip_13xx/Debug/liblpc_chip_13xx.a(i2cm_13xx.o)
 .text.Chip_I2CM_Init
                0x00002358       0x1c /tmp/lpc4337_test/lpc_chip_13xx/Debug/liblpc_chip_13xx.a(i2cm_13xx.o)
                0x00002358                Chip_I2CM_Init
 .text.Chip_SYSCTL_PowerDown
                0x00002374       0x40 /tmp/lpc4337_test/lpc_chip_13xx/Debug/liblpc_chip_13xx.a(sysctl_13xx.o)
                0x00002374                Chip_SYSCTL_PowerDown
 .text.Chip_SYSCTL_PowerUp
                0x000023b4       0x40 /tmp/lpc4337_test/lpc_chip_13xx/Debug/liblpc_chip_13xx.a(sysctl_13xx.o)
                0x000023b4                Chip_SYSCTL_PowerUp
 .text.Chip_Clock_SetupSystemPLL
                0x000023f4       0x30 /tmp/lpc4337_test/lpc_chip_13xx/Debug/liblpc_chip_13xx.a(sysinit_13xx.o)
 .text.Chip_Clock_IsSystemPLLLocked
                0x00002424       0x24 /tmp/lpc4337_test/lpc_chip_13xx/Debug/liblpc_chip_13xx.a(sysinit_13xx.o)
 .text.Chip_Clock_SetSysClockDiv
                0x00002448       0x1c /tmp/lpc4337_test/lpc_chip_13xx/Debug/liblpc_chip_13xx.a(sysinit_13xx.o)
 .text.Chip_FMC_SetFLASHAccess
                0x00002464       0x2c /tmp/lpc4337_test/lpc_chip_13xx/Debug/liblpc_chip_13xx.a(sysinit_13xx.o)
 .text.Chip_SetupXtalClocking
                0x00002490       0x64 /tmp/lpc4337_test/lpc_chip_13xx/Debug/liblpc_chip_13xx.a(sysinit_13xx.o)
                0x00002490                Chip_SetupXtalClocking
 .text.__main   0x000024f4       0x14 /usr/local/lpcxpresso_7.5.0_254/lpcxpresso/tools/bin/../lib/gcc/arm-none-eabi/4.8.4/../../../../arm-none-eabi/lib/armv7-m/libcr_nohost.a(_cr__main.o)
                0x000024f4                __main
 .text.memset   0x00002508        0x4 /usr/local/lpcxpresso_7.5.0_254/lpcxpresso/tools/bin/../lib/gcc/arm-none-eabi/4.8.4/../../../../arm-none-eabi/lib/armv7-m/libcr_c.a(memset.o)
                0x00002508                memset
 .text.malloc   0x0000250c       0xc8 /usr/local/lpcxpresso_7.5.0_254/lpcxpresso/tools/bin/../lib/gcc/arm-none-eabi/4.8.4/../../../../arm-none-eabi/lib/armv7-m/libcr_c.a(alloc.o)
                0x0000250c                malloc
 .text.free     0x000025d4        0xc /usr/local/lpcxpresso_7.5.0_254/lpcxpresso/tools/bin/../lib/gcc/arm-none-eabi/4.8.4/../../../../arm-none-eabi/lib/armv7-m/libcr_c.a(alloc.o)
                0x000025d4                free
 .text._Csys_alloc
                0x000025e0       0x20 /usr/local/lpcxpresso_7.5.0_254/lpcxpresso/tools/bin/../lib/gcc/arm-none-eabi/4.8.4/../../../../arm-none-eabi/lib/armv7-m/libcr_c.a(alloc.o)
                0x000025e0                _Csys_alloc
 .text._initio  0x00002600       0xa4 /usr/local/lpcxpresso_7.5.0_254/lpcxpresso/tools/bin/../lib/gcc/arm-none-eabi/4.8.4/../../../../arm-none-eabi/lib/armv7-m/libcr_c.a(initio.o)
                0x00002600                _initio
 .text.memcmp   0x000026a4       0x44 /usr/local/lpcxpresso_7.5.0_254/lpcxpresso/tools/bin/../lib/gcc/arm-none-eabi/4.8.4/../../../../arm-none-eabi/lib/armv7-m/libcr_c.a(memcmp.o)
                0x000026a4                memcmp
 .text.setvbuf  0x000026e8       0x40 /usr/local/lpcxpresso_7.5.0_254/lpcxpresso/tools/bin/../lib/gcc/arm-none-eabi/4.8.4/../../../../arm-none-eabi/lib/armv7-m/libcr_c.a(setvbuf.o)
                0x000026e8                setvbuf
 .text._sbrk    0x00002728       0x40 /usr/local/lpcxpresso_7.5.0_254/lpcxpresso/tools/bin/../lib/gcc/arm-none-eabi/4.8.4/../../../../arm-none-eabi/lib/armv7-m/libcr_c.a(_cr_sbrk.o)
                0x00002728                _sbrk
 .text._deferredlazyseek
                0x00002768       0x44 /usr/local/lpcxpresso_7.5.0_254/lpcxpresso/tools/bin/../lib/gcc/arm-none-eabi/4.8.4/../../../../arm-none-eabi/lib/armv7-m/libcr_c.a(_deferredlazyseek.o)
                0x00002768                _deferredlazyseek
 .text._fdopen  0x000027ac       0x6a /usr/local/lpcxpresso_7.5.0_254/lpcxpresso/tools/bin/../lib/gcc/arm-none-eabi/4.8.4/../../../../arm-none-eabi/lib/armv7-m/libcr_c.a(_fdopen.o)
                0x000027ac                _fdopen
 .text._fflush  0x00002816       0x58 /usr/local/lpcxpresso_7.5.0_254/lpcxpresso/tools/bin/../lib/gcc/arm-none-eabi/4.8.4/../../../../arm-none-eabi/lib/armv7-m/libcr_c.a(_fflush.o)
                0x00002816                _fflush
 *fill*         0x0000286e        0x2 
 .text._Cwritebuf
                0x00002870       0x70 /usr/local/lpcxpresso_7.5.0_254/lpcxpresso/tools/bin/../lib/gcc/arm-none-eabi/4.8.4/../../../../arm-none-eabi/lib/armv7-m/libcr_c.a(_writebuf.o)
                0x00002870                _Cwritebuf
 .text.fclose   0x000028e0       0x6c /usr/local/lpcxpresso_7.5.0_254/lpcxpresso/tools/bin/../lib/gcc/arm-none-eabi/4.8.4/../../../../arm-none-eabi/lib/armv7-m/libcr_c.a(fclose.o)
                0x000028e0                fclose
 .text.fflush   0x0000294c       0x30 /usr/local/lpcxpresso_7.5.0_254/lpcxpresso/tools/bin/../lib/gcc/arm-none-eabi/4.8.4/../../../../arm-none-eabi/lib/armv7-m/libcr_c.a(fflush.o)
                0x0000294c                fflush
 .text.fseek    0x0000297c      0x10c /usr/local/lpcxpresso_7.5.0_254/lpcxpresso/tools/bin/../lib/gcc/arm-none-eabi/4.8.4/../../../../arm-none-eabi/lib/armv7-m/libcr_c.a(fseek.o)
                0x0000297c                fseek
 .text.ftell    0x00002a88       0x4c /usr/local/lpcxpresso_7.5.0_254/lpcxpresso/tools/bin/../lib/gcc/arm-none-eabi/4.8.4/../../../../arm-none-eabi/lib/armv7-m/libcr_c.a(ftell.o)
                0x00002a88                ftell
 .text.remove   0x00002ad4       0x14 /usr/local/lpcxpresso_7.5.0_254/lpcxpresso/tools/bin/../lib/gcc/arm-none-eabi/4.8.4/../../../../arm-none-eabi/lib/armv7-m/libcr_c.a(remove.o)
                0x00002ad4                remove
 .text.strlen   0x00002ae8       0x4a /usr/local/lpcxpresso_7.5.0_254/lpcxpresso/tools/bin/../lib/gcc/arm-none-eabi/4.8.4/../../../../arm-none-eabi/lib/armv7-m/libcr_c.a(strlen.o)
                0x00002ae8                strlen
 *fill*         0x00002b32        0x2 
 .text.__check_heap_overflow
                0x00002b34       0x18 /usr/local/lpcxpresso_7.5.0_254/lpcxpresso/tools/bin/../lib/gcc/arm-none-eabi/4.8.4/../../../../arm-none-eabi/lib/armv7-m/libcr_c.a(_cr_check_heap.o)
                0x00002b34                __check_heap_overflow
 .text._do_fflush
                0x00002b4c       0x44 /usr/local/lpcxpresso_7.5.0_254/lpcxpresso/tools/bin/../lib/gcc/arm-none-eabi/4.8.4/../../../../arm-none-eabi/lib/armv7-m/libcr_c.a(_do_fflush.o)
                0x00002b4c                _do_fflush
 .text.__aeabi_memset_lowlevel
                0x00002b90       0x38 /usr/local/lpcxpresso_7.5.0_254/lpcxpresso/tools/bin/../lib/gcc/arm-none-eabi/4.8.4/armv7-m/libcr_eabihelpers.a(memcpy.o)
                0x00002b90                __aeabi_lowlevel_memset
 .text.__sys_appexit
                0x00002bc8        0x2 /usr/local/lpcxpresso_7.5.0_254/lpcxpresso/tools/bin/../lib/gcc/arm-none-eabi/4.8.4/../../../../arm-none-eabi/lib/armv7-m/libcr_nohost.a(__sys_appexit.o)
                0x00002bc8                __exit
                0x00002bc8                __sys_appexit
 .text.__sys_close
                0x00002bca        0x6 /usr/local/lpcxpresso_7.5.0_254/lpcxpresso/tools/bin/../lib/gcc/arm-none-eabi/4.8.4/../../../../arm-none-eabi/lib/armv7-m/libcr_nohost.a(__sys_close.o)
                0x00002bca                __sys_close
 .text.__sys_flen
                0x00002bd0        0x6 /usr/local/lpcxpresso_7.5.0_254/lpcxpresso/tools/bin/../lib/gcc/arm-none-eabi/4.8.4/../../../../arm-none-eabi/lib/armv7-m/libcr_nohost.a(__sys_flen.o)
                0x00002bd0                __sys_flen
 .text.__sys_istty
                0x00002bd6        0x6 /usr/local/lpcxpresso_7.5.0_254/lpcxpresso/tools/bin/../lib/gcc/arm-none-eabi/4.8.4/../../../../arm-none-eabi/lib/armv7-m/libcr_nohost.a(__sys_istty.o)
                0x00002bd6                __sys_istty
 .text.__sys_remove
                0x00002bdc        0x6 /usr/local/lpcxpresso_7.5.0_254/lpcxpresso/tools/bin/../lib/gcc/arm-none-eabi/4.8.4/../../../../arm-none-eabi/lib/armv7-m/libcr_nohost.a(__sys_remove.o)
                0x00002bdc                __sys_remove
 .text.__sys_seek
                0x00002be2        0x6 /usr/local/lpcxpresso_7.5.0_254/lpcxpresso/tools/bin/../lib/gcc/arm-none-eabi/4.8.4/../../../../arm-none-eabi/lib/armv7-m/libcr_nohost.a(__sys_seek.o)
                0x00002be2                __sys_seek
 .text.__sys_tmpnam
                0x00002be8        0x6 /usr/local/lpcxpresso_7.5.0_254/lpcxpresso/tools/bin/../lib/gcc/arm-none-eabi/4.8.4/../../../../arm-none-eabi/lib/armv7-m/libcr_nohost.a(__sys_tmpnam.o)
                0x00002be8                __sys_tmpnam
 *(.rodata .rodata.* .constdata .constdata.*)
 *fill*         0x00002bee        0x2 
 .rodata        0x00002bf0        0x8 ./freertos/src/tasks.o
 .rodata.ucExpectedStackBytes.6859
                0x00002bf8       0x14 ./freertos/src/tasks.o
 .rodata        0x00002c0c       0x24 ./example/src/freertos_blinky.o
 .rodata.OscRateIn
                0x00002c30        0x4 /tmp/lpc4337_test/lpc_board_nxp_lpcxpresso_1343/Debug/liblpc_board_nxp_lpcxpresso_1343.a(board.o)
                0x00002c30                OscRateIn
 .rodata.pinmuxing
                0x00002c34       0x30 /tmp/lpc4337_test/lpc_board_nxp_lpcxpresso_1343/Debug/liblpc_board_nxp_lpcxpresso_1343.a(board_sysinit.o)
 .rodata.wdtOSCRate
                0x00002c64       0x40 /tmp/lpc4337_test/lpc_chip_13xx/Debug/liblpc_chip_13xx.a(clock_13xx.o)
 .rodata.str1.1
                0x00002ca4       0x18 /usr/local/lpcxpresso_7.5.0_254/lpcxpresso/tools/bin/../lib/gcc/arm-none-eabi/4.8.4/../../../../arm-none-eabi/lib/armv7-m/libcr_c.a(alloc.o)
 .rodata.str1.1
                0x00002cbc        0x4 /usr/local/lpcxpresso_7.5.0_254/lpcxpresso/tools/bin/../lib/gcc/arm-none-eabi/4.8.4/../../../../arm-none-eabi/lib/armv7-m/libcr_c.a(initio.o)
                0x00002cc0                . = ALIGN (0x4)

.glue_7         0x00002cc0        0x0
 .glue_7        0x00000000        0x0 linker stubs

.glue_7t        0x00002cc0        0x0
 .glue_7t       0x00000000        0x0 linker stubs

.vfp11_veneer   0x00002cc0        0x0
 .vfp11_veneer  0x00000000        0x0 linker stubs

.v4_bx          0x00002cc0        0x0
 .v4_bx         0x00000000        0x0 linker stubs

.iplt           0x00002cc0        0x0
 .iplt          0x00000000        0x0 ./freertos/src/FreeRTOSCommonHooks.o

.rel.dyn        0x00002cc0        0x0
 .rel.iplt      0x00000000        0x0 ./freertos/src/FreeRTOSCommonHooks.o

.ARM.extab
 *(.ARM.extab* .gnu.linkonce.armextab.*)
                0x00002cc0                __exidx_start = .

.ARM.exidx
 *(.ARM.exidx* .gnu.linkonce.armexidx.*)
                0x00002cc0                __exidx_end = .
                0x00002cc0                _etext = .

.uninit_RESERVED
                0x10000000        0x0
 *(.bss.$RESERVED*)
                0x10000000                . = ALIGN (0x4)
                0x10000000                _end_uninit_RESERVED = .

.data           0x10000000       0x24 load address 0x00002cc0
 FILL mask 0xff
                0x10000000                _data = .
 *(vtable)
 *(.ramfunc*)
 *(.data*)
 .data.uxCriticalNesting
                0x10000000        0x4 ./freertos/src/port.o
 .data.xNextTaskUnblockTime
                0x10000004        0x4 ./freertos/src/tasks.o
 .data.i2c      0x10000008       0x1c /tmp/lpc4337_test/lpc_chip_13xx/Debug/liblpc_chip_13xx.a(i2c_13xx.o)
                0x10000024                . = ALIGN (0x4)
                0x10000024                _edata = .

.igot.plt       0x10000024        0x0 load address 0x00002ce4
 .igot.plt      0x00000000        0x0 ./freertos/src/FreeRTOSCommonHooks.o

.bss            0x10000024      0x2cc load address 0x00002ce4
                0x10000024                _bss = .
 *(.bss*)
 .bss.ucMaxSysCallPriority
                0x10000024        0x1 ./freertos/src/port.o
 *fill*         0x10000025        0x3 
 .bss.ulMaxPRIGROUPValue
                0x10000028        0x4 ./freertos/src/port.o
 .bss.pxCurrentTCB
                0x1000002c        0x4 ./freertos/src/tasks.o
                0x1000002c                pxCurrentTCB
 .bss.pxReadyTasksLists
                0x10000030       0xa0 ./freertos/src/tasks.o
 .bss.xDelayedTaskList1
                0x100000d0       0x14 ./freertos/src/tasks.o
 .bss.xDelayedTaskList2
                0x100000e4       0x14 ./freertos/src/tasks.o
 .bss.pxDelayedTaskList
                0x100000f8        0x4 ./freertos/src/tasks.o
 .bss.pxOverflowDelayedTaskList
                0x100000fc        0x4 ./freertos/src/tasks.o
 .bss.xPendingReadyList
                0x10000100       0x14 ./freertos/src/tasks.o
 .bss.xTasksWaitingTermination
                0x10000114       0x14 ./freertos/src/tasks.o
 .bss.uxTasksDeleted
                0x10000128        0x4 ./freertos/src/tasks.o
 .bss.xSuspendedTaskList
                0x1000012c       0x14 ./freertos/src/tasks.o
 .bss.uxCurrentNumberOfTasks
                0x10000140        0x4 ./freertos/src/tasks.o
 .bss.xTickCount
                0x10000144        0x4 ./freertos/src/tasks.o
 .bss.uxTopReadyPriority
                0x10000148        0x4 ./freertos/src/tasks.o
 .bss.xSchedulerRunning
                0x1000014c        0x4 ./freertos/src/tasks.o
 .bss.uxSchedulerSuspended
                0x10000150        0x4 ./freertos/src/tasks.o
 .bss.uxPendedTicks
                0x10000154        0x4 ./freertos/src/tasks.o
 .bss.xYieldPending
                0x10000158        0x4 ./freertos/src/tasks.o
 .bss.xNumOfOverflows
                0x1000015c        0x4 ./freertos/src/tasks.o
 .bss.uxTaskNumber
                0x10000160        0x4 ./freertos/src/tasks.o
 .bss.i2c_buff  0x10000164       0x10 ./example/src/freertos_blinky.o
 .bss.i2c_slave
                0x10000174       0x28 /tmp/lpc4337_test/lpc_chip_13xx/Debug/liblpc_chip_13xx.a(i2c_13xx.o)
 .bss.errno     0x1000019c        0x4 /usr/local/lpcxpresso_7.5.0_254/lpcxpresso/tools/bin/../lib/gcc/arm-none-eabi/4.8.4/../../../../arm-none-eabi/lib/armv7-m/libcr_c.a(errno.o)
                0x1000019c                errno
 *(COMMON)
 COMMON         0x100001a0        0x4 /tmp/lpc4337_test/lpc_chip_13xx/Debug/liblpc_chip_13xx.a(chip_13xx.o)
                0x100001a0                SystemCoreClock
 COMMON         0x100001a4        0x4 /usr/local/lpcxpresso_7.5.0_254/lpcxpresso/tools/bin/../lib/gcc/arm-none-eabi/4.8.4/../../../../arm-none-eabi/lib/armv7-m/libcr_c.a(initio.o)
                0x100001a4                _extra
 COMMON         0x100001a8      0x140 /usr/local/lpcxpresso_7.5.0_254/lpcxpresso/tools/bin/../lib/gcc/arm-none-eabi/4.8.4/../../../../arm-none-eabi/lib/armv7-m/libcr_c.a(stdio.o)
                0x100001a8                __Ciob
 COMMON         0x100002e8        0x8 /usr/local/lpcxpresso_7.5.0_254/lpcxpresso/tools/bin/../lib/gcc/arm-none-eabi/4.8.4/../../../../arm-none-eabi/lib/armv7-m/libcr_c.a(__init_alloc.o)
                0x100002e8                __heaps
                0x100002ec                __end_of_heap
                0x100002f0                . = ALIGN (0x4)
                0x100002f0                _ebss = .
                0x100002f0                PROVIDE (end, .)

.noinit         0x100002f0        0x0 load address 0x00002ce4
                0x100002f0                _noinit = .
 *(.noinit*)
                0x100002f0                . = ALIGN (0x4)
                0x100002f0                _end_noinit = .
                0x100002f0                PROVIDE (_pvHeapStart, DEFINED (__user_heap_base)?__user_heap_base:.)
                0x10002000                PROVIDE (_vStackTop, DEFINED (__user_stack_top)?__user_stack_top:(__top_RamLoc8 - 0x0))
OUTPUT(freertos_blinky.axf elf32-littlearm)

.debug_info     0x00000000     0x7495
 .debug_info    0x00000000      0x194 ./freertos/src/FreeRTOSCommonHooks.o
 .debug_info    0x00000194      0x13a ./freertos/src/heap_3.o
 .debug_info    0x000002ce      0x2c4 ./freertos/src/list.o
 .debug_info    0x00000592      0x322 ./freertos/src/port.o
 .debug_info    0x000008b4     0x1039 ./freertos/src/tasks.o
 .debug_info    0x000018ed      0x21a ./example/src/cr_startup_lpc13xx.o
 .debug_info    0x00001b07      0x668 ./example/src/freertos_blinky.o
 .debug_info    0x0000216f       0xd4 ./example/src/sysinit.o
 .debug_info    0x00002243      0x7b0 /tmp/lpc4337_test/lpc_board_nxp_lpcxpresso_1343/Debug/liblpc_board_nxp_lpcxpresso_1343.a(board.o)
 .debug_info    0x000029f3      0x857 /tmp/lpc4337_test/lpc_board_nxp_lpcxpresso_1343/Debug/liblpc_board_nxp_lpcxpresso_1343.a(board_sysinit.o)
 .debug_info    0x0000324a      0x5a5 /tmp/lpc4337_test/lpc_chip_13xx/Debug/liblpc_chip_13xx.a(chip_13xx.o)
 .debug_info    0x000037ef      0x926 /tmp/lpc4337_test/lpc_chip_13xx/Debug/liblpc_chip_13xx.a(clock_13xx.o)
 .debug_info    0x00004115      0xb39 /tmp/lpc4337_test/lpc_chip_13xx/Debug/liblpc_chip_13xx.a(gpio_13xx_2.o)
 .debug_info    0x00004c4e     0x1082 /tmp/lpc4337_test/lpc_chip_13xx/Debug/liblpc_chip_13xx.a(i2c_13xx.o)
 .debug_info    0x00005cd0      0xafb /tmp/lpc4337_test/lpc_chip_13xx/Debug/liblpc_chip_13xx.a(i2cm_13xx.o)
 .debug_info    0x000067cb      0x58d /tmp/lpc4337_test/lpc_chip_13xx/Debug/liblpc_chip_13xx.a(sysctl_13xx.o)
 .debug_info    0x00006d58      0x73d /tmp/lpc4337_test/lpc_chip_13xx/Debug/liblpc_chip_13xx.a(sysinit_13xx.o)

.debug_abbrev   0x00000000     0x1a8e
 .debug_abbrev  0x00000000      0x129 ./freertos/src/FreeRTOSCommonHooks.o
 .debug_abbrev  0x00000129       0xee ./freertos/src/heap_3.o
 .debug_abbrev  0x00000217       0xec ./freertos/src/list.o
 .debug_abbrev  0x00000303      0x1c9 ./freertos/src/port.o
 .debug_abbrev  0x000004cc      0x244 ./freertos/src/tasks.o
 .debug_abbrev  0x00000710       0xf7 ./example/src/cr_startup_lpc13xx.o
 .debug_abbrev  0x00000807      0x21a ./example/src/freertos_blinky.o
 .debug_abbrev  0x00000a21       0x82 ./example/src/sysinit.o
 .debug_abbrev  0x00000aa3      0x236 /tmp/lpc4337_test/lpc_board_nxp_lpcxpresso_1343/Debug/liblpc_board_nxp_lpcxpresso_1343.a(board.o)
 .debug_abbrev  0x00000cd9      0x1c8 /tmp/lpc4337_test/lpc_board_nxp_lpcxpresso_1343/Debug/liblpc_board_nxp_lpcxpresso_1343.a(board_sysinit.o)
 .debug_abbrev  0x00000ea1      0x143 /tmp/lpc4337_test/lpc_chip_13xx/Debug/liblpc_chip_13xx.a(chip_13xx.o)
 .debug_abbrev  0x00000fe4      0x1c0 /tmp/lpc4337_test/lpc_chip_13xx/Debug/liblpc_chip_13xx.a(clock_13xx.o)
 .debug_abbrev  0x000011a4      0x1c3 /tmp/lpc4337_test/lpc_chip_13xx/Debug/liblpc_chip_13xx.a(gpio_13xx_2.o)
 .debug_abbrev  0x00001367      0x2da /tmp/lpc4337_test/lpc_chip_13xx/Debug/liblpc_chip_13xx.a(i2c_13xx.o)
 .debug_abbrev  0x00001641      0x1f0 /tmp/lpc4337_test/lpc_chip_13xx/Debug/liblpc_chip_13xx.a(i2cm_13xx.o)
 .debug_abbrev  0x00001831       0xec /tmp/lpc4337_test/lpc_chip_13xx/Debug/liblpc_chip_13xx.a(sysctl_13xx.o)
 .debug_abbrev  0x0000191d      0x171 /tmp/lpc4337_test/lpc_chip_13xx/Debug/liblpc_chip_13xx.a(sysinit_13xx.o)

.debug_aranges  0x00000000      0x880
 .debug_aranges
                0x00000000       0x40 ./freertos/src/FreeRTOSCommonHooks.o
 .debug_aranges
                0x00000040       0x28 ./freertos/src/heap_3.o
 .debug_aranges
                0x00000068       0x40 ./freertos/src/list.o
 .debug_aranges
                0x000000a8       0x90 ./freertos/src/port.o
 .debug_aranges
                0x00000138      0x150 ./freertos/src/tasks.o
 .debug_aranges
                0x00000288       0x60 ./example/src/cr_startup_lpc13xx.o
 .debug_aranges
                0x000002e8       0x60 ./example/src/freertos_blinky.o
 .debug_aranges
                0x00000348       0x20 ./example/src/sysinit.o
 .debug_aranges
                0x00000368       0xc8 /tmp/lpc4337_test/lpc_board_nxp_lpcxpresso_1343/Debug/liblpc_board_nxp_lpcxpresso_1343.a(board.o)
 .debug_aranges
                0x00000430       0x50 /tmp/lpc4337_test/lpc_board_nxp_lpcxpresso_1343/Debug/liblpc_board_nxp_lpcxpresso_1343.a(board_sysinit.o)
 .debug_aranges
                0x00000480       0x38 /tmp/lpc4337_test/lpc_chip_13xx/Debug/liblpc_chip_13xx.a(chip_13xx.o)
 .debug_aranges
                0x000004b8       0xa8 /tmp/lpc4337_test/lpc_chip_13xx/Debug/liblpc_chip_13xx.a(clock_13xx.o)
 .debug_aranges
                0x00000560       0xb0 /tmp/lpc4337_test/lpc_chip_13xx/Debug/liblpc_chip_13xx.a(gpio_13xx_2.o)
 .debug_aranges
                0x00000610      0x128 /tmp/lpc4337_test/lpc_chip_13xx/Debug/liblpc_chip_13xx.a(i2c_13xx.o)
 .debug_aranges
                0x00000738       0xc0 /tmp/lpc4337_test/lpc_chip_13xx/Debug/liblpc_chip_13xx.a(i2cm_13xx.o)
 .debug_aranges
                0x000007f8       0x38 /tmp/lpc4337_test/lpc_chip_13xx/Debug/liblpc_chip_13xx.a(sysctl_13xx.o)
 .debug_aranges
                0x00000830       0x50 /tmp/lpc4337_test/lpc_chip_13xx/Debug/liblpc_chip_13xx.a(sysinit_13xx.o)

.debug_ranges   0x00000000      0x770
 .debug_ranges  0x00000000       0x30 ./freertos/src/FreeRTOSCommonHooks.o
 .debug_ranges  0x00000030       0x18 ./freertos/src/heap_3.o
 .debug_ranges  0x00000048       0x30 ./freertos/src/list.o
 .debug_ranges  0x00000078       0x80 ./freertos/src/port.o
 .debug_ranges  0x000000f8      0x140 ./freertos/src/tasks.o
 .debug_ranges  0x00000238       0x50 ./example/src/cr_startup_lpc13xx.o
 .debug_ranges  0x00000288       0x50 ./example/src/freertos_blinky.o
 .debug_ranges  0x000002d8       0x10 ./example/src/sysinit.o
 .debug_ranges  0x000002e8       0xb8 /tmp/lpc4337_test/lpc_board_nxp_lpcxpresso_1343/Debug/liblpc_board_nxp_lpcxpresso_1343.a(board.o)
 .debug_ranges  0x000003a0       0x40 /tmp/lpc4337_test/lpc_board_nxp_lpcxpresso_1343/Debug/liblpc_board_nxp_lpcxpresso_1343.a(board_sysinit.o)
 .debug_ranges  0x000003e0       0x28 /tmp/lpc4337_test/lpc_chip_13xx/Debug/liblpc_chip_13xx.a(chip_13xx.o)
 .debug_ranges  0x00000408       0x98 /tmp/lpc4337_test/lpc_chip_13xx/Debug/liblpc_chip_13xx.a(clock_13xx.o)
 .debug_ranges  0x000004a0       0xa0 /tmp/lpc4337_test/lpc_chip_13xx/Debug/liblpc_chip_13xx.a(gpio_13xx_2.o)
 .debug_ranges  0x00000540      0x118 /tmp/lpc4337_test/lpc_chip_13xx/Debug/liblpc_chip_13xx.a(i2c_13xx.o)
 .debug_ranges  0x00000658       0xb0 /tmp/lpc4337_test/lpc_chip_13xx/Debug/liblpc_chip_13xx.a(i2cm_13xx.o)
 .debug_ranges  0x00000708       0x28 /tmp/lpc4337_test/lpc_chip_13xx/Debug/liblpc_chip_13xx.a(sysctl_13xx.o)
 .debug_ranges  0x00000730       0x40 /tmp/lpc4337_test/lpc_chip_13xx/Debug/liblpc_chip_13xx.a(sysinit_13xx.o)

.debug_macro    0x00000000     0x51a4
 .debug_macro   0x00000000      0x1fa ./freertos/src/FreeRTOSCommonHooks.o
 .debug_macro   0x000001fa      0x85c ./freertos/src/FreeRTOSCommonHooks.o
 .debug_macro   0x00000a56       0x10 ./freertos/src/FreeRTOSCommonHooks.o
 .debug_macro   0x00000a66      0x12d ./freertos/src/FreeRTOSCommonHooks.o
 .debug_macro   0x00000b93       0x16 ./freertos/src/FreeRTOSCommonHooks.o
 .debug_macro   0x00000ba9       0x46 ./freertos/src/FreeRTOSCommonHooks.o
 .debug_macro   0x00000bef      0x5b2 ./freertos/src/FreeRTOSCommonHooks.o
 .debug_macro   0x000011a1       0x22 ./freertos/src/FreeRTOSCommonHooks.o
 .debug_macro   0x000011c3       0x74 ./freertos/src/FreeRTOSCommonHooks.o
 .debug_macro   0x00001237       0x10 ./freertos/src/FreeRTOSCommonHooks.o
 .debug_macro   0x00001247       0x26 ./freertos/src/FreeRTOSCommonHooks.o
 .debug_macro   0x0000126d       0x3a ./freertos/src/FreeRTOSCommonHooks.o
 .debug_macro   0x000012a7       0x2d ./freertos/src/FreeRTOSCommonHooks.o
 .debug_macro   0x000012d4      0xa8b ./freertos/src/FreeRTOSCommonHooks.o
 .debug_macro   0x00001d5f       0xd3 ./freertos/src/FreeRTOSCommonHooks.o
 .debug_macro   0x00001e32       0xdc ./freertos/src/FreeRTOSCommonHooks.o
 .debug_macro   0x00001f0e       0x10 ./freertos/src/FreeRTOSCommonHooks.o
 .debug_macro   0x00001f1e      0x145 ./freertos/src/FreeRTOSCommonHooks.o
 .debug_macro   0x00002063       0x82 ./freertos/src/FreeRTOSCommonHooks.o
 .debug_macro   0x000020e5      0x21b ./freertos/src/FreeRTOSCommonHooks.o
 .debug_macro   0x00002300       0x40 ./freertos/src/FreeRTOSCommonHooks.o
 .debug_macro   0x00002340       0x2e ./freertos/src/FreeRTOSCommonHooks.o
 .debug_macro   0x0000236e       0xb9 ./freertos/src/FreeRTOSCommonHooks.o
 .debug_macro   0x00002427       0x4c ./freertos/src/FreeRTOSCommonHooks.o
 .debug_macro   0x00002473       0x16 ./freertos/src/FreeRTOSCommonHooks.o
 .debug_macro   0x00002489      0x31a ./freertos/src/FreeRTOSCommonHooks.o
 .debug_macro   0x000027a3       0x3a ./freertos/src/FreeRTOSCommonHooks.o
 .debug_macro   0x000027dd       0x1c ./freertos/src/FreeRTOSCommonHooks.o
 .debug_macro   0x000027f9       0x2e ./freertos/src/FreeRTOSCommonHooks.o
 .debug_macro   0x00002827       0x9a ./freertos/src/FreeRTOSCommonHooks.o
 .debug_macro   0x000028c1       0x20 ./freertos/src/FreeRTOSCommonHooks.o
 .debug_macro   0x000028e1      0x115 ./freertos/src/FreeRTOSCommonHooks.o
 .debug_macro   0x000029f6       0xb2 ./freertos/src/FreeRTOSCommonHooks.o
 .debug_macro   0x00002aa8       0x12 ./freertos/src/FreeRTOSCommonHooks.o
 .debug_macro   0x00002aba       0x1f ./freertos/src/FreeRTOSCommonHooks.o
 .debug_macro   0x00002ad9      0x242 ./freertos/src/FreeRTOSCommonHooks.o
 .debug_macro   0x00002d1b       0x64 ./freertos/src/FreeRTOSCommonHooks.o
 .debug_macro   0x00002d7f       0x57 ./freertos/src/FreeRTOSCommonHooks.o
 .debug_macro   0x00002dd6      0x210 ./freertos/src/heap_3.o
 .debug_macro   0x00002fe6       0x28 ./freertos/src/heap_3.o
 .debug_macro   0x0000300e      0x1f5 ./freertos/src/list.o
 .debug_macro   0x00003203      0x287 ./freertos/src/port.o
 .debug_macro   0x0000348a      0x294 ./freertos/src/tasks.o
 .debug_macro   0x0000371e       0x5b ./freertos/src/tasks.o
 .debug_macro   0x00003779       0x17 ./freertos/src/tasks.o
 .debug_macro   0x00003790       0x26 ./example/src/cr_startup_lpc13xx.o
 .debug_macro   0x000037b6      0x202 ./example/src/freertos_blinky.o
 .debug_macro   0x000039b8       0x7b ./example/src/freertos_blinky.o
 .debug_macro   0x00003a33       0x10 ./example/src/freertos_blinky.o
 .debug_macro   0x00003a43      0x11b ./example/src/freertos_blinky.o
 .debug_macro   0x00003b5e      0x175 ./example/src/sysinit.o
 .debug_macro   0x00003cd3      0x1eb /tmp/lpc4337_test/lpc_board_nxp_lpcxpresso_1343/Debug/liblpc_board_nxp_lpcxpresso_1343.a(board.o)
 .debug_macro   0x00003ebe      0x856 /tmp/lpc4337_test/lpc_board_nxp_lpcxpresso_1343/Debug/liblpc_board_nxp_lpcxpresso_1343.a(board.o)
 .debug_macro   0x00004714       0x12 /tmp/lpc4337_test/lpc_board_nxp_lpcxpresso_1343/Debug/liblpc_board_nxp_lpcxpresso_1343.a(board.o)
 .debug_macro   0x00004726      0x183 /tmp/lpc4337_test/lpc_board_nxp_lpcxpresso_1343/Debug/liblpc_board_nxp_lpcxpresso_1343.a(board_sysinit.o)
 .debug_macro   0x000048a9      0x13f /tmp/lpc4337_test/lpc_chip_13xx/Debug/liblpc_chip_13xx.a(chip_13xx.o)
 .debug_macro   0x000049e8      0x13f /tmp/lpc4337_test/lpc_chip_13xx/Debug/liblpc_chip_13xx.a(clock_13xx.o)
 .debug_macro   0x00004b27      0x13f /tmp/lpc4337_test/lpc_chip_13xx/Debug/liblpc_chip_13xx.a(gpio_13xx_2.o)
 .debug_macro   0x00004c66      0x151 /tmp/lpc4337_test/lpc_chip_13xx/Debug/liblpc_chip_13xx.a(i2c_13xx.o)
 .debug_macro   0x00004db7      0x145 /tmp/lpc4337_test/lpc_chip_13xx/Debug/liblpc_chip_13xx.a(i2cm_13xx.o)
 .debug_macro   0x00004efc      0x169 /tmp/lpc4337_test/lpc_chip_13xx/Debug/liblpc_chip_13xx.a(sysctl_13xx.o)
 .debug_macro   0x00005065      0x13f /tmp/lpc4337_test/lpc_chip_13xx/Debug/liblpc_chip_13xx.a(sysinit_13xx.o)

.debug_line     0x00000000     0x49f2
 .debug_line    0x00000000      0x451 ./freertos/src/FreeRTOSCommonHooks.o
 .debug_line    0x00000451      0x3f8 ./freertos/src/heap_3.o
 .debug_line    0x00000849      0x444 ./freertos/src/list.o
 .debug_line    0x00000c8d      0x51e ./freertos/src/port.o
 .debug_line    0x000011ab      0xb06 ./freertos/src/tasks.o
 .debug_line    0x00001cb1      0x100 ./example/src/cr_startup_lpc13xx.o
 .debug_line    0x00001db1      0x51a ./example/src/freertos_blinky.o
 .debug_line    0x000022cb      0x2f5 ./example/src/sysinit.o
 .debug_line    0x000025c0      0x4c3 /tmp/lpc4337_test/lpc_board_nxp_lpcxpresso_1343/Debug/liblpc_board_nxp_lpcxpresso_1343.a(board.o)
 .debug_line    0x00002a83      0x38c /tmp/lpc4337_test/lpc_board_nxp_lpcxpresso_1343/Debug/liblpc_board_nxp_lpcxpresso_1343.a(board_sysinit.o)
 .debug_line    0x00002e0f      0x2db /tmp/lpc4337_test/lpc_chip_13xx/Debug/liblpc_chip_13xx.a(chip_13xx.o)
 .debug_line    0x000030ea      0x418 /tmp/lpc4337_test/lpc_chip_13xx/Debug/liblpc_chip_13xx.a(clock_13xx.o)
 .debug_line    0x00003502      0x41b /tmp/lpc4337_test/lpc_chip_13xx/Debug/liblpc_chip_13xx.a(gpio_13xx_2.o)
 .debug_line    0x0000391d      0x611 /tmp/lpc4337_test/lpc_chip_13xx/Debug/liblpc_chip_13xx.a(i2c_13xx.o)
 .debug_line    0x00003f2e      0x4b7 /tmp/lpc4337_test/lpc_chip_13xx/Debug/liblpc_chip_13xx.a(i2cm_13xx.o)
 .debug_line    0x000043e5      0x2d3 /tmp/lpc4337_test/lpc_chip_13xx/Debug/liblpc_chip_13xx.a(sysctl_13xx.o)
 .debug_line    0x000046b8      0x33a /tmp/lpc4337_test/lpc_chip_13xx/Debug/liblpc_chip_13xx.a(sysinit_13xx.o)

.debug_str      0x00000000    0x11bba
 .debug_str     0x00000000     0xd38d ./freertos/src/FreeRTOSCommonHooks.o
                               0xd48e (size before relaxing)
 .debug_str     0x0000d38d      0x103 ./freertos/src/heap_3.o
                               0xd4bf (size before relaxing)
 .debug_str     0x0000d490      0x12e ./freertos/src/list.o
                               0xd1e7 (size before relaxing)
 .debug_str     0x0000d5be      0x712 ./freertos/src/port.o
                               0xdafa (size before relaxing)
 .debug_str     0x0000dcd0     0x17e2 ./freertos/src/tasks.o
                               0xed6b (size before relaxing)
 .debug_str     0x0000f4b2      0x155 ./example/src/cr_startup_lpc13xx.o
                               0x2578 (size before relaxing)
 .debug_str     0x0000f607      0x585 ./example/src/freertos_blinky.o
                               0xd961 (size before relaxing)
 .debug_str     0x0000fb8c       0x19 ./example/src/sysinit.o
                               0xb1c5 (size before relaxing)
 .debug_str     0x0000fba5      0x78c /tmp/lpc4337_test/lpc_board_nxp_lpcxpresso_1343/Debug/liblpc_board_nxp_lpcxpresso_1343.a(board.o)
                               0xb96a (size before relaxing)
 .debug_str     0x00010331      0x536 /tmp/lpc4337_test/lpc_board_nxp_lpcxpresso_1343/Debug/liblpc_board_nxp_lpcxpresso_1343.a(board_sysinit.o)
                               0xb988 (size before relaxing)
 .debug_str     0x00010867      0x15b /tmp/lpc4337_test/lpc_chip_13xx/Debug/liblpc_chip_13xx.a(chip_13xx.o)
                               0xb26d (size before relaxing)
 .debug_str     0x000109c2      0x537 /tmp/lpc4337_test/lpc_chip_13xx/Debug/liblpc_chip_13xx.a(clock_13xx.o)
                               0xb71f (size before relaxing)
 .debug_str     0x00010ef9      0x25c /tmp/lpc4337_test/lpc_chip_13xx/Debug/liblpc_chip_13xx.a(gpio_13xx_2.o)
                               0xb553 (size before relaxing)
 .debug_str     0x00011155      0x536 /tmp/lpc4337_test/lpc_chip_13xx/Debug/liblpc_chip_13xx.a(i2c_13xx.o)
                               0xb8ac (size before relaxing)
 .debug_str     0x0001168b      0x243 /tmp/lpc4337_test/lpc_chip_13xx/Debug/liblpc_chip_13xx.a(i2cm_13xx.o)
                               0xb60e (size before relaxing)
 .debug_str     0x000118ce      0x19f /tmp/lpc4337_test/lpc_chip_13xx/Debug/liblpc_chip_13xx.a(sysctl_13xx.o)
                               0xb2bf (size before relaxing)
 .debug_str     0x00011a6d      0x14d /tmp/lpc4337_test/lpc_chip_13xx/Debug/liblpc_chip_13xx.a(sysinit_13xx.o)
                               0xb379 (size before relaxing)

.comment        0x00000000       0xe0
 .comment       0x00000000       0x70 ./freertos/src/FreeRTOSCommonHooks.o
                                 0x71 (size before relaxing)
 .comment       0x00000000       0x71 ./freertos/src/heap_3.o
 .comment       0x00000000       0x71 ./freertos/src/list.o
 .comment       0x00000000       0x71 ./freertos/src/port.o
 .comment       0x00000000       0x71 ./freertos/src/tasks.o
 .comment       0x00000000       0x71 ./example/src/cr_startup_lpc13xx.o
 .comment       0x00000000       0x71 ./example/src/freertos_blinky.o
 .comment       0x00000000       0x71 ./example/src/sysinit.o
 .comment       0x00000000       0x71 /tmp/lpc4337_test/lpc_board_nxp_lpcxpresso_1343/Debug/liblpc_board_nxp_lpcxpresso_1343.a(board.o)
 .comment       0x00000000       0x71 /tmp/lpc4337_test/lpc_board_nxp_lpcxpresso_1343/Debug/liblpc_board_nxp_lpcxpresso_1343.a(board_sysinit.o)
 .comment       0x00000000       0x71 /tmp/lpc4337_test/lpc_chip_13xx/Debug/liblpc_chip_13xx.a(chip_13xx.o)
 .comment       0x00000000       0x71 /tmp/lpc4337_test/lpc_chip_13xx/Debug/liblpc_chip_13xx.a(clock_13xx.o)
 .comment       0x00000000       0x71 /tmp/lpc4337_test/lpc_chip_13xx/Debug/liblpc_chip_13xx.a(gpio_13xx_2.o)
 .comment       0x00000000       0x71 /tmp/lpc4337_test/lpc_chip_13xx/Debug/liblpc_chip_13xx.a(i2c_13xx.o)
 .comment       0x00000000       0x71 /tmp/lpc4337_test/lpc_chip_13xx/Debug/liblpc_chip_13xx.a(i2cm_13xx.o)
 .comment       0x00000000       0x71 /tmp/lpc4337_test/lpc_chip_13xx/Debug/liblpc_chip_13xx.a(sysctl_13xx.o)
 .comment       0x00000000       0x71 /tmp/lpc4337_test/lpc_chip_13xx/Debug/liblpc_chip_13xx.a(sysinit_13xx.o)
 .comment       0x00000070       0x70 /usr/local/lpcxpresso_7.5.0_254/lpcxpresso/tools/bin/../lib/gcc/arm-none-eabi/4.8.4/../../../../arm-none-eabi/lib/armv7-m/libcr_nohost.a(_cr__main.o)
                                 0x71 (size before relaxing)
 .comment       0x00000000       0x71 /usr/local/lpcxpresso_7.5.0_254/lpcxpresso/tools/bin/../lib/gcc/arm-none-eabi/4.8.4/../../../../arm-none-eabi/lib/armv7-m/libcr_c.a(memset.o)
 .comment       0x00000000       0x71 /usr/local/lpcxpresso_7.5.0_254/lpcxpresso/tools/bin/../lib/gcc/arm-none-eabi/4.8.4/../../../../arm-none-eabi/lib/armv7-m/libcr_c.a(alloc.o)
 .comment       0x00000000       0x71 /usr/local/lpcxpresso_7.5.0_254/lpcxpresso/tools/bin/../lib/gcc/arm-none-eabi/4.8.4/../../../../arm-none-eabi/lib/armv7-m/libcr_c.a(initio.o)
 .comment       0x00000000       0x71 /usr/local/lpcxpresso_7.5.0_254/lpcxpresso/tools/bin/../lib/gcc/arm-none-eabi/4.8.4/../../../../arm-none-eabi/lib/armv7-m/libcr_c.a(memcmp.o)
 .comment       0x00000000       0x71 /usr/local/lpcxpresso_7.5.0_254/lpcxpresso/tools/bin/../lib/gcc/arm-none-eabi/4.8.4/../../../../arm-none-eabi/lib/armv7-m/libcr_c.a(setvbuf.o)
 .comment       0x00000000       0x71 /usr/local/lpcxpresso_7.5.0_254/lpcxpresso/tools/bin/../lib/gcc/arm-none-eabi/4.8.4/../../../../arm-none-eabi/lib/armv7-m/libcr_c.a(stdio.o)
 .comment       0x00000000       0x71 /usr/local/lpcxpresso_7.5.0_254/lpcxpresso/tools/bin/../lib/gcc/arm-none-eabi/4.8.4/../../../../arm-none-eabi/lib/armv7-m/libcr_c.a(__init_alloc.o)
 .comment       0x00000000       0x71 /usr/local/lpcxpresso_7.5.0_254/lpcxpresso/tools/bin/../lib/gcc/arm-none-eabi/4.8.4/../../../../arm-none-eabi/lib/armv7-m/libcr_c.a(_cr_sbrk.o)
 .comment       0x00000000       0x71 /usr/local/lpcxpresso_7.5.0_254/lpcxpresso/tools/bin/../lib/gcc/arm-none-eabi/4.8.4/../../../../arm-none-eabi/lib/armv7-m/libcr_c.a(_deferredlazyseek.o)
 .comment       0x00000000       0x71 /usr/local/lpcxpresso_7.5.0_254/lpcxpresso/tools/bin/../lib/gcc/arm-none-eabi/4.8.4/../../../../arm-none-eabi/lib/armv7-m/libcr_c.a(_fdopen.o)
 .comment       0x00000000       0x71 /usr/local/lpcxpresso_7.5.0_254/lpcxpresso/tools/bin/../lib/gcc/arm-none-eabi/4.8.4/../../../../arm-none-eabi/lib/armv7-m/libcr_c.a(_fflush.o)
 .comment       0x00000000       0x71 /usr/local/lpcxpresso_7.5.0_254/lpcxpresso/tools/bin/../lib/gcc/arm-none-eabi/4.8.4/../../../../arm-none-eabi/lib/armv7-m/libcr_c.a(_writebuf.o)
 .comment       0x00000000       0x71 /usr/local/lpcxpresso_7.5.0_254/lpcxpresso/tools/bin/../lib/gcc/arm-none-eabi/4.8.4/../../../../arm-none-eabi/lib/armv7-m/libcr_c.a(errno.o)
 .comment       0x00000000       0x71 /usr/local/lpcxpresso_7.5.0_254/lpcxpresso/tools/bin/../lib/gcc/arm-none-eabi/4.8.4/../../../../arm-none-eabi/lib/armv7-m/libcr_c.a(fclose.o)
 .comment       0x00000000       0x71 /usr/local/lpcxpresso_7.5.0_254/lpcxpresso/tools/bin/../lib/gcc/arm-none-eabi/4.8.4/../../../../arm-none-eabi/lib/armv7-m/libcr_c.a(fflush.o)
 .comment       0x00000000       0x71 /usr/local/lpcxpresso_7.5.0_254/lpcxpresso/tools/bin/../lib/gcc/arm-none-eabi/4.8.4/../../../../arm-none-eabi/lib/armv7-m/libcr_c.a(fseek.o)
 .comment       0x00000000       0x71 /usr/local/lpcxpresso_7.5.0_254/lpcxpresso/tools/bin/../lib/gcc/arm-none-eabi/4.8.4/../../../../arm-none-eabi/lib/armv7-m/libcr_c.a(ftell.o)
 .comment       0x00000000       0x71 /usr/local/lpcxpresso_7.5.0_254/lpcxpresso/tools/bin/../lib/gcc/arm-none-eabi/4.8.4/../../../../arm-none-eabi/lib/armv7-m/libcr_c.a(remove.o)
 .comment       0x00000000       0x71 /usr/local/lpcxpresso_7.5.0_254/lpcxpresso/tools/bin/../lib/gcc/arm-none-eabi/4.8.4/../../../../arm-none-eabi/lib/armv7-m/libcr_c.a(strlen.o)
 .comment       0x00000000       0x71 /usr/local/lpcxpresso_7.5.0_254/lpcxpresso/tools/bin/../lib/gcc/arm-none-eabi/4.8.4/../../../../arm-none-eabi/lib/armv7-m/libcr_c.a(_cr_check_heap.o)
 .comment       0x00000000       0x71 /usr/local/lpcxpresso_7.5.0_254/lpcxpresso/tools/bin/../lib/gcc/arm-none-eabi/4.8.4/../../../../arm-none-eabi/lib/armv7-m/libcr_c.a(_do_fflush.o)
 .comment       0x00000000       0x71 /usr/local/lpcxpresso_7.5.0_254/lpcxpresso/tools/bin/../lib/gcc/arm-none-eabi/4.8.4/../../../../arm-none-eabi/lib/armv7-m/libcr_nohost.a(__sys_appexit.o)
 .comment       0x00000000       0x71 /usr/local/lpcxpresso_7.5.0_254/lpcxpresso/tools/bin/../lib/gcc/arm-none-eabi/4.8.4/../../../../arm-none-eabi/lib/armv7-m/libcr_nohost.a(__sys_close.o)
 .comment       0x00000000       0x71 /usr/local/lpcxpresso_7.5.0_254/lpcxpresso/tools/bin/../lib/gcc/arm-none-eabi/4.8.4/../../../../arm-none-eabi/lib/armv7-m/libcr_nohost.a(__sys_flen.o)
 .comment       0x00000000       0x71 /usr/local/lpcxpresso_7.5.0_254/lpcxpresso/tools/bin/../lib/gcc/arm-none-eabi/4.8.4/../../../../arm-none-eabi/lib/armv7-m/libcr_nohost.a(__sys_istty.o)
 .comment       0x00000000       0x71 /usr/local/lpcxpresso_7.5.0_254/lpcxpresso/tools/bin/../lib/gcc/arm-none-eabi/4.8.4/../../../../arm-none-eabi/lib/armv7-m/libcr_nohost.a(__sys_remove.o)
 .comment       0x00000000       0x71 /usr/local/lpcxpresso_7.5.0_254/lpcxpresso/tools/bin/../lib/gcc/arm-none-eabi/4.8.4/../../../../arm-none-eabi/lib/armv7-m/libcr_nohost.a(__sys_seek.o)
 .comment       0x00000000       0x71 /usr/local/lpcxpresso_7.5.0_254/lpcxpresso/tools/bin/../lib/gcc/arm-none-eabi/4.8.4/../../../../arm-none-eabi/lib/armv7-m/libcr_nohost.a(__sys_tmpnam.o)

.ARM.attributes
                0x00000000       0x31
 .ARM.attributes
                0x00000000       0x33 ./freertos/src/FreeRTOSCommonHooks.o
 .ARM.attributes
                0x00000033       0x33 ./freertos/src/heap_3.o
 .ARM.attributes
                0x00000066       0x33 ./freertos/src/list.o
 .ARM.attributes
                0x00000099       0x33 ./freertos/src/port.o
 .ARM.attributes
                0x000000cc       0x33 ./freertos/src/tasks.o
 .ARM.attributes
                0x000000ff       0x33 ./example/src/cr_startup_lpc13xx.o
 .ARM.attributes
                0x00000132       0x33 ./example/src/freertos_blinky.o
 .ARM.attributes
                0x00000165       0x33 ./example/src/sysinit.o
 .ARM.attributes
                0x00000198       0x33 /tmp/lpc4337_test/lpc_board_nxp_lpcxpresso_1343/Debug/liblpc_board_nxp_lpcxpresso_1343.a(board.o)
 .ARM.attributes
                0x000001cb       0x33 /tmp/lpc4337_test/lpc_board_nxp_lpcxpresso_1343/Debug/liblpc_board_nxp_lpcxpresso_1343.a(board_sysinit.o)
 .ARM.attributes
                0x000001fe       0x33 /tmp/lpc4337_test/lpc_chip_13xx/Debug/liblpc_chip_13xx.a(chip_13xx.o)
 .ARM.attributes
                0x00000231       0x33 /tmp/lpc4337_test/lpc_chip_13xx/Debug/liblpc_chip_13xx.a(clock_13xx.o)
 .ARM.attributes
                0x00000264       0x33 /tmp/lpc4337_test/lpc_chip_13xx/Debug/liblpc_chip_13xx.a(gpio_13xx_2.o)
 .ARM.attributes
                0x00000297       0x33 /tmp/lpc4337_test/lpc_chip_13xx/Debug/liblpc_chip_13xx.a(i2c_13xx.o)
 .ARM.attributes
                0x000002ca       0x33 /tmp/lpc4337_test/lpc_chip_13xx/Debug/liblpc_chip_13xx.a(i2cm_13xx.o)
 .ARM.attributes
                0x000002fd       0x33 /tmp/lpc4337_test/lpc_chip_13xx/Debug/liblpc_chip_13xx.a(sysctl_13xx.o)
 .ARM.attributes
                0x00000330       0x33 /tmp/lpc4337_test/lpc_chip_13xx/Debug/liblpc_chip_13xx.a(sysinit_13xx.o)
 .ARM.attributes
                0x00000363       0x33 /usr/local/lpcxpresso_7.5.0_254/lpcxpresso/tools/bin/../lib/gcc/arm-none-eabi/4.8.4/../../../../arm-none-eabi/lib/armv7-m/libcr_nohost.a(_cr__main.o)
 .ARM.attributes
                0x00000396       0x33 /usr/local/lpcxpresso_7.5.0_254/lpcxpresso/tools/bin/../lib/gcc/arm-none-eabi/4.8.4/../../../../arm-none-eabi/lib/armv7-m/libcr_c.a(memset.o)
 .ARM.attributes
                0x000003c9       0x33 /usr/local/lpcxpresso_7.5.0_254/lpcxpresso/tools/bin/../lib/gcc/arm-none-eabi/4.8.4/../../../../arm-none-eabi/lib/armv7-m/libcr_c.a(alloc.o)
 .ARM.attributes
                0x000003fc       0x33 /usr/local/lpcxpresso_7.5.0_254/lpcxpresso/tools/bin/../lib/gcc/arm-none-eabi/4.8.4/../../../../arm-none-eabi/lib/armv7-m/libcr_c.a(initio.o)
 .ARM.attributes
                0x0000042f       0x33 /usr/local/lpcxpresso_7.5.0_254/lpcxpresso/tools/bin/../lib/gcc/arm-none-eabi/4.8.4/../../../../arm-none-eabi/lib/armv7-m/libcr_c.a(memcmp.o)
 .ARM.attributes
                0x00000462       0x33 /usr/local/lpcxpresso_7.5.0_254/lpcxpresso/tools/bin/../lib/gcc/arm-none-eabi/4.8.4/../../../../arm-none-eabi/lib/armv7-m/libcr_c.a(setvbuf.o)
 .ARM.attributes
                0x00000495       0x33 /usr/local/lpcxpresso_7.5.0_254/lpcxpresso/tools/bin/../lib/gcc/arm-none-eabi/4.8.4/../../../../arm-none-eabi/lib/armv7-m/libcr_c.a(stdio.o)
 .ARM.attributes
                0x000004c8       0x33 /usr/local/lpcxpresso_7.5.0_254/lpcxpresso/tools/bin/../lib/gcc/arm-none-eabi/4.8.4/../../../../arm-none-eabi/lib/armv7-m/libcr_c.a(__init_alloc.o)
 .ARM.attributes
                0x000004fb       0x33 /usr/local/lpcxpresso_7.5.0_254/lpcxpresso/tools/bin/../lib/gcc/arm-none-eabi/4.8.4/../../../../arm-none-eabi/lib/armv7-m/libcr_c.a(_cr_sbrk.o)
 .ARM.attributes
                0x0000052e       0x33 /usr/local/lpcxpresso_7.5.0_254/lpcxpresso/tools/bin/../lib/gcc/arm-none-eabi/4.8.4/../../../../arm-none-eabi/lib/armv7-m/libcr_c.a(_deferredlazyseek.o)
 .ARM.attributes
                0x00000561       0x33 /usr/local/lpcxpresso_7.5.0_254/lpcxpresso/tools/bin/../lib/gcc/arm-none-eabi/4.8.4/../../../../arm-none-eabi/lib/armv7-m/libcr_c.a(_fdopen.o)
 .ARM.attributes
                0x00000594       0x33 /usr/local/lpcxpresso_7.5.0_254/lpcxpresso/tools/bin/../lib/gcc/arm-none-eabi/4.8.4/../../../../arm-none-eabi/lib/armv7-m/libcr_c.a(_fflush.o)
 .ARM.attributes
                0x000005c7       0x33 /usr/local/lpcxpresso_7.5.0_254/lpcxpresso/tools/bin/../lib/gcc/arm-none-eabi/4.8.4/../../../../arm-none-eabi/lib/armv7-m/libcr_c.a(_writebuf.o)
 .ARM.attributes
                0x000005fa       0x33 /usr/local/lpcxpresso_7.5.0_254/lpcxpresso/tools/bin/../lib/gcc/arm-none-eabi/4.8.4/../../../../arm-none-eabi/lib/armv7-m/libcr_c.a(errno.o)
 .ARM.attributes
                0x0000062d       0x33 /usr/local/lpcxpresso_7.5.0_254/lpcxpresso/tools/bin/../lib/gcc/arm-none-eabi/4.8.4/../../../../arm-none-eabi/lib/armv7-m/libcr_c.a(fclose.o)
 .ARM.attributes
                0x00000660       0x33 /usr/local/lpcxpresso_7.5.0_254/lpcxpresso/tools/bin/../lib/gcc/arm-none-eabi/4.8.4/../../../../arm-none-eabi/lib/armv7-m/libcr_c.a(fflush.o)
 .ARM.attributes
                0x00000693       0x33 /usr/local/lpcxpresso_7.5.0_254/lpcxpresso/tools/bin/../lib/gcc/arm-none-eabi/4.8.4/../../../../arm-none-eabi/lib/armv7-m/libcr_c.a(fseek.o)
 .ARM.attributes
                0x000006c6       0x33 /usr/local/lpcxpresso_7.5.0_254/lpcxpresso/tools/bin/../lib/gcc/arm-none-eabi/4.8.4/../../../../arm-none-eabi/lib/armv7-m/libcr_c.a(ftell.o)
 .ARM.attributes
                0x000006f9       0x33 /usr/local/lpcxpresso_7.5.0_254/lpcxpresso/tools/bin/../lib/gcc/arm-none-eabi/4.8.4/../../../../arm-none-eabi/lib/armv7-m/libcr_c.a(remove.o)
 .ARM.attributes
                0x0000072c       0x33 /usr/local/lpcxpresso_7.5.0_254/lpcxpresso/tools/bin/../lib/gcc/arm-none-eabi/4.8.4/../../../../arm-none-eabi/lib/armv7-m/libcr_c.a(strlen.o)
 .ARM.attributes
                0x0000075f       0x33 /usr/local/lpcxpresso_7.5.0_254/lpcxpresso/tools/bin/../lib/gcc/arm-none-eabi/4.8.4/../../../../arm-none-eabi/lib/armv7-m/libcr_c.a(_cr_check_heap.o)
 .ARM.attributes
                0x00000792       0x33 /usr/local/lpcxpresso_7.5.0_254/lpcxpresso/tools/bin/../lib/gcc/arm-none-eabi/4.8.4/../../../../arm-none-eabi/lib/armv7-m/libcr_c.a(_do_fflush.o)
 .ARM.attributes
                0x000007c5       0x21 /usr/local/lpcxpresso_7.5.0_254/lpcxpresso/tools/bin/../lib/gcc/arm-none-eabi/4.8.4/armv7-m/libcr_eabihelpers.a(memcpy.o)
 .ARM.attributes
                0x000007e6       0x33 /usr/local/lpcxpresso_7.5.0_254/lpcxpresso/tools/bin/../lib/gcc/arm-none-eabi/4.8.4/../../../../arm-none-eabi/lib/armv7-m/libcr_nohost.a(__sys_appexit.o)
 .ARM.attributes
                0x00000819       0x33 /usr/local/lpcxpresso_7.5.0_254/lpcxpresso/tools/bin/../lib/gcc/arm-none-eabi/4.8.4/../../../../arm-none-eabi/lib/armv7-m/libcr_nohost.a(__sys_close.o)
 .ARM.attributes
                0x0000084c       0x33 /usr/local/lpcxpresso_7.5.0_254/lpcxpresso/tools/bin/../lib/gcc/arm-none-eabi/4.8.4/../../../../arm-none-eabi/lib/armv7-m/libcr_nohost.a(__sys_flen.o)
 .ARM.attributes
                0x0000087f       0x33 /usr/local/lpcxpresso_7.5.0_254/lpcxpresso/tools/bin/../lib/gcc/arm-none-eabi/4.8.4/../../../../arm-none-eabi/lib/armv7-m/libcr_nohost.a(__sys_istty.o)
 .ARM.attributes
                0x000008b2       0x33 /usr/local/lpcxpresso_7.5.0_254/lpcxpresso/tools/bin/../lib/gcc/arm-none-eabi/4.8.4/../../../../arm-none-eabi/lib/armv7-m/libcr_nohost.a(__sys_remove.o)
 .ARM.attributes
                0x000008e5       0x33 /usr/local/lpcxpresso_7.5.0_254/lpcxpresso/tools/bin/../lib/gcc/arm-none-eabi/4.8.4/../../../../arm-none-eabi/lib/armv7-m/libcr_nohost.a(__sys_seek.o)
 .ARM.attributes
                0x00000918       0x33 /usr/local/lpcxpresso_7.5.0_254/lpcxpresso/tools/bin/../lib/gcc/arm-none-eabi/4.8.4/../../../../arm-none-eabi/lib/armv7-m/libcr_nohost.a(__sys_tmpnam.o)

.debug_frame    0x00000000     0x1a14
 .debug_frame   0x00000000       0x9c ./freertos/src/FreeRTOSCommonHooks.o
 .debug_frame   0x0000009c       0x50 ./freertos/src/heap_3.o
 .debug_frame   0x000000ec       0x9c ./freertos/src/list.o
 .debug_frame   0x00000188      0x174 ./freertos/src/port.o
 .debug_frame   0x000002fc      0x4c4 ./freertos/src/tasks.o
 .debug_frame   0x000007c0       0xf8 ./example/src/cr_startup_lpc13xx.o
 .debug_frame   0x000008b8      0x124 ./example/src/freertos_blinky.o
 .debug_frame   0x000009dc       0x2c ./example/src/sysinit.o
 .debug_frame   0x00000a08      0x27c /tmp/lpc4337_test/lpc_board_nxp_lpcxpresso_1343/Debug/liblpc_board_nxp_lpcxpresso_1343.a(board.o)
 .debug_frame   0x00000c84       0xd8 /tmp/lpc4337_test/lpc_board_nxp_lpcxpresso_1343/Debug/liblpc_board_nxp_lpcxpresso_1343.a(board_sysinit.o)
 .debug_frame   0x00000d5c       0x7c /tmp/lpc4337_test/lpc_chip_13xx/Debug/liblpc_chip_13xx.a(chip_13xx.o)
 .debug_frame   0x00000dd8      0x214 /tmp/lpc4337_test/lpc_chip_13xx/Debug/liblpc_chip_13xx.a(clock_13xx.o)
 .debug_frame   0x00000fec      0x238 /tmp/lpc4337_test/lpc_chip_13xx/Debug/liblpc_chip_13xx.a(gpio_13xx_2.o)
 .debug_frame   0x00001224      0x41c /tmp/lpc4337_test/lpc_chip_13xx/Debug/liblpc_chip_13xx.a(i2c_13xx.o)
 .debug_frame   0x00001640      0x280 /tmp/lpc4337_test/lpc_chip_13xx/Debug/liblpc_chip_13xx.a(i2cm_13xx.o)
 .debug_frame   0x000018c0       0x80 /tmp/lpc4337_test/lpc_chip_13xx/Debug/liblpc_chip_13xx.a(sysctl_13xx.o)
 .debug_frame   0x00001940       0xd4 /tmp/lpc4337_test/lpc_chip_13xx/Debug/liblpc_chip_13xx.a(sysinit_13xx.o)
